
Allocating common symbols
Common symbol       size              file

thread_ready_list   0x10              build/thread.o
thread_all_list     0x10              build/thread.o
user_pool           0x10              build/memory.o
intr_name           0x84              build/interrupt.o
main_thread         0x4               build/thread.o
ticks               0x4               build/timer.o
kernel_vaddr        0xc               build/memory.o
idt_table           0x84              build/interrupt.o
kernel_pool         0x10              build/memory.o

Discarded input sections

 .note.GNU-stack
                0x0000000000000000        0x0 build/main.o
 .note.GNU-stack
                0x0000000000000000        0x0 build/init.o
 .note.GNU-stack
                0x0000000000000000        0x0 build/interrupt.o
 .note.GNU-stack
                0x0000000000000000        0x0 build/timer.o
 .note.GNU-stack
                0x0000000000000000        0x0 build/debug.o
 .note.GNU-stack
                0x0000000000000000        0x0 build/memory.o
 .note.GNU-stack
                0x0000000000000000        0x0 build/bitmap.o
 .note.GNU-stack
                0x0000000000000000        0x0 build/string.o
 .note.GNU-stack
                0x0000000000000000        0x0 build/thread.o
 .note.GNU-stack
                0x0000000000000000        0x0 build/list.o

Memory Configuration

Name             Origin             Length             Attributes
*default*        0x0000000000000000 0xffffffffffffffff

Linker script and memory map

Address of section .text set to 0xc0001500
LOAD build/main.o
LOAD build/init.o
LOAD build/interrupt.o
LOAD build/timer.o
LOAD build/kernel.o
LOAD build/print.o
LOAD build/debug.o
LOAD build/memory.o
LOAD build/bitmap.o
LOAD build/string.o
LOAD build/thread.o
LOAD build/list.o
LOAD build/switch.o
                [!provide]                        PROVIDE (__executable_start, 0x8048000)
                0x0000000008048094                . = (0x8048000 + SIZEOF_HEADERS)

.interp
 *(.interp)

.note.gnu.build-id
 *(.note.gnu.build-id)

.hash
 *(.hash)

.gnu.hash
 *(.gnu.hash)

.dynsym
 *(.dynsym)

.dynstr
 *(.dynstr)

.gnu.version
 *(.gnu.version)

.gnu.version_d
 *(.gnu.version_d)

.gnu.version_r
 *(.gnu.version_r)

.rel.dyn        0x0000000008048094        0x0
 *(.rel.init)
 *(.rel.text .rel.text.* .rel.gnu.linkonce.t.*)
 .rel.text      0x0000000008048094        0x0 build/main.o
 *(.rel.fini)
 *(.rel.rodata .rel.rodata.* .rel.gnu.linkonce.r.*)
 *(.rel.data.rel.ro .rel.data.rel.ro.* .rel.gnu.linkonce.d.rel.ro.*)
 *(.rel.data .rel.data.* .rel.gnu.linkonce.d.*)
 *(.rel.tdata .rel.tdata.* .rel.gnu.linkonce.td.*)
 *(.rel.tbss .rel.tbss.* .rel.gnu.linkonce.tb.*)
 *(.rel.ctors)
 *(.rel.dtors)
 *(.rel.got)
 *(.rel.bss .rel.bss.* .rel.gnu.linkonce.b.*)
 *(.rel.ifunc)

.rel.plt        0x0000000008048094        0x0
 *(.rel.plt)
                [!provide]                        PROVIDE (__rel_iplt_start, .)
 *(.rel.iplt)
 .rel.iplt      0x0000000008048094        0x0 build/main.o
                [!provide]                        PROVIDE (__rel_iplt_end, .)

.init
 *(SORT(.init))

.plt            0x00000000080480a0        0x0
 *(.plt)
 *(.iplt)
 .iplt          0x00000000080480a0        0x0 build/main.o

.plt.got
 *(.plt.got)

.text           0x00000000c0001500     0x1da5
 *(.text.unlikely .text.*_unlikely .text.unlikely.*)
 *(.text.exit .text.exit.*)
 *(.text.startup .text.startup.*)
 *(.text.hot .text.hot.*)
 *(.text .stub .text.* .gnu.linkonce.t.*)
 .text          0x00000000c0001500       0xa7 build/main.o
                0x00000000c0001500                main
                0x00000000c000156f                k_thread_a
                0x00000000c000158b                k_thread_b
 .text          0x00000000c00015a7       0x2d build/init.o
                0x00000000c00015a7                init_all
 .text          0x00000000c00015d4      0x44b build/interrupt.o
                0x00000000c00018fb                intr_enable
                0x00000000c0001924                intr_disable
                0x00000000c000194d                intr_set_status
                0x00000000c000196b                intr_get_status
                0x00000000c0001997                register_handler
                0x00000000c00019b4                idt_init
 .text          0x00000000c0001a1f      0x16c build/timer.o
                0x00000000c0001b38                timer_init
 *fill*         0x00000000c0001b8b        0x5 
 .text          0x00000000c0001b90      0x393 build/kernel.o
                0x00000000c0001b90                intr_exit
 *fill*         0x00000000c0001f23        0xd 
 .text          0x00000000c0001f30      0x172 build/print.o
                0x00000000c0001f30                put_str
                0x00000000c0001f4e                put_char
                0x00000000c000201b                put_int
                0x00000000c000207e                set_cursor
 .text          0x00000000c00020a2       0xd6 build/debug.o
                0x00000000c00020a2                panic_spin
 .text          0x00000000c0002178      0x533 build/memory.o
                0x00000000c00023d9                pde_ptr
                0x00000000c00023f5                pte_ptr
                0x00000000c000256d                malloc_page
                0x00000000c000262f                get_kernel_pages
                0x00000000c000266a                mem_init
 .text          0x00000000c00026ab      0x223 build/bitmap.o
                0x00000000c00026ab                bitmap_init
                0x00000000c00026ce                bitmap_scan_test
                0x00000000c000270e                bitmap_scan
                0x00000000c000281d                bitmap_set
 .text          0x00000000c00028ce      0x3db build/string.o
                0x00000000c00028ce                memset
                0x00000000c0002920                memcpy
                0x00000000c0002980                memcmp
                0x00000000c0002a03                strcpy
                0x00000000c0002a58                strlen
                0x00000000c0002aa3                strcmp
                0x00000000c0002b27                strchr
                0x00000000c0002b7f                strrchr
                0x00000000c0002bdd                strcat
                0x00000000c0002c47                strchrs
 .text          0x00000000c0002ca9      0x3ed build/thread.o
                0x00000000c0002ca9                running_thread
                0x00000000c0002cda                thread_create
                0x00000000c0002d51                init_thread
                0x00000000c0002de4                thread_start
                0x00000000c0002f37                schedule
                0x00000000c0003048                thread_init
 .text          0x00000000c0003096      0x1f1 build/list.o
                0x00000000c0003096                list_init
                0x00000000c00030c4                list_insert_before
                0x00000000c0003109                list_push
                0x00000000c0003127                list_append
                0x00000000c0003145                list_remove
                0x00000000c000317f                list_pop
                0x00000000c00031a1                elem_find
                0x00000000c00031dc                list_traversal
                0x00000000c0003239                list_len
                0x00000000c000326e                list_empty
 *fill*         0x00000000c0003287        0x9 
 .text          0x00000000c0003290       0x15 build/switch.o
                0x00000000c0003290                switch_to
 *(.gnu.warning)

.fini
 *(SORT(.fini))
                [!provide]                        PROVIDE (__etext, .)
                [!provide]                        PROVIDE (_etext, .)
                [!provide]                        PROVIDE (etext, .)

.rodata         0x00000000c00032a8      0x779
 *(.rodata .rodata.* .gnu.linkonce.r.*)
 .rodata        0x00000000c00032a8       0x35 build/main.o
 .rodata        0x00000000c00032dd        0xd build/init.o
 *fill*         0x00000000c00032ea        0x2 
 .rodata        0x00000000c00032ec      0x2c9 build/interrupt.o
 *fill*         0x00000000c00035b5        0x3 
 .rodata        0x00000000c00035b8       0x6b build/timer.o
 .rodata        0x00000000c0003623       0x45 build/debug.o
 .rodata        0x00000000c0003668      0x130 build/memory.o
 .rodata        0x00000000c0003798       0x3f build/bitmap.o
 *fill*         0x00000000c00037d7        0x1 
 .rodata        0x00000000c00037d8       0xc4 build/string.o
 .rodata        0x00000000c000389c      0x185 build/thread.o

.rodata1
 *(.rodata1)

.eh_frame_hdr
 *(.eh_frame_hdr)
 *(.eh_frame_entry .eh_frame_entry.*)

.eh_frame       0x00000000c0003a24      0x7ec
 *(.eh_frame)
 .eh_frame      0x00000000c0003a24       0x74 build/main.o
 .eh_frame      0x00000000c0003a98       0x20 build/init.o
                                         0x38 (size before relaxing)
 .eh_frame      0x00000000c0003ab8      0x188 build/interrupt.o
                                        0x1a0 (size before relaxing)
 .eh_frame      0x00000000c0003c40       0x88 build/timer.o
                                         0xa0 (size before relaxing)
 .eh_frame      0x00000000c0003cc8       0x1c build/debug.o
                                         0x34 (size before relaxing)
 .eh_frame      0x00000000c0003ce4      0x120 build/memory.o
                                        0x138 (size before relaxing)
 .eh_frame      0x00000000c0003e04       0x8c build/bitmap.o
                                         0xa4 (size before relaxing)
 .eh_frame      0x00000000c0003e90      0x140 build/string.o
                                        0x158 (size before relaxing)
 .eh_frame      0x00000000c0003fd0      0x100 build/thread.o
                                        0x118 (size before relaxing)
 .eh_frame      0x00000000c00040d0      0x140 build/list.o
                                        0x158 (size before relaxing)
 *(.eh_frame.*)

.gcc_except_table
 *(.gcc_except_table .gcc_except_table.*)

.gnu_extab
 *(.gnu_extab*)

.exception_ranges
 *(.exception_ranges .exception_ranges*)
                0x00000000c0005210                . = DATA_SEGMENT_ALIGN (0x1000, 0x1000)

.eh_frame
 *(.eh_frame)
 *(.eh_frame.*)

.gnu_extab
 *(.gnu_extab)

.gcc_except_table
 *(.gcc_except_table .gcc_except_table.*)

.exception_ranges
 *(.exception_ranges .exception_ranges*)

.tdata
 *(.tdata .tdata.* .gnu.linkonce.td.*)

.tbss
 *(.tbss .tbss.* .gnu.linkonce.tb.*)
 *(.tcommon)

.preinit_array  0x00000000c0005210        0x0
                [!provide]                        PROVIDE (__preinit_array_start, .)
 *(.preinit_array)
                [!provide]                        PROVIDE (__preinit_array_end, .)

.init_array     0x00000000c0005210        0x0
                [!provide]                        PROVIDE (__init_array_start, .)
 *(SORT(.init_array.*) SORT(.ctors.*))
 *(.init_array EXCLUDE_FILE(*crtend?.o *crtend.o *crtbegin?.o *crtbegin.o) .ctors)
                [!provide]                        PROVIDE (__init_array_end, .)

.fini_array     0x00000000c0005210        0x0
                [!provide]                        PROVIDE (__fini_array_start, .)
 *(SORT(.fini_array.*) SORT(.dtors.*))
 *(.fini_array EXCLUDE_FILE(*crtend?.o *crtend.o *crtbegin?.o *crtbegin.o) .dtors)
                [!provide]                        PROVIDE (__fini_array_end, .)

.ctors
 *crtbegin.o(.ctors)
 *crtbegin?.o(.ctors)
 *(EXCLUDE_FILE(*crtend?.o *crtend.o) .ctors)
 *(SORT(.ctors.*))
 *(.ctors)

.dtors
 *crtbegin.o(.dtors)
 *crtbegin?.o(.dtors)
 *(EXCLUDE_FILE(*crtend?.o *crtend.o) .dtors)
 *(SORT(.dtors.*))
 *(.dtors)

.jcr
 *(.jcr)

.data.rel.ro
 *(.data.rel.ro.local* .gnu.linkonce.d.rel.ro.local.*)
 *(.data.rel.ro .data.rel.ro.* .gnu.linkonce.d.rel.ro.*)

.dynamic
 *(.dynamic)

.got
 *(.got)
 *(.igot)
                0x00000000c0005210                . = DATA_SEGMENT_RELRO_END (., (SIZEOF (.got.plt) >= 0xc)?0xc:0x0)

.got.plt        0x00000000c0005210        0x0
 *(.got.plt)
 *(.igot.plt)
 .igot.plt      0x00000000c0005210        0x0 build/main.o

.data           0x00000000c0005210       0xa0
 *(.data .data.* .gnu.linkonce.d.*)
 .data          0x00000000c0005210        0x0 build/main.o
 .data          0x00000000c0005210        0x0 build/init.o
 .data          0x00000000c0005210        0x0 build/interrupt.o
 .data          0x00000000c0005210        0x0 build/timer.o
 .data          0x00000000c0005210       0x96 build/kernel.o
                0x00000000c0005222                intr_entry_table
 *fill*         0x00000000c00052a6        0x2 
 .data          0x00000000c00052a8        0x8 build/print.o
 .data          0x00000000c00052b0        0x0 build/debug.o
 .data          0x00000000c00052b0        0x0 build/memory.o
 .data          0x00000000c00052b0        0x0 build/bitmap.o
 .data          0x00000000c00052b0        0x0 build/string.o
 .data          0x00000000c00052b0        0x0 build/thread.o
 .data          0x00000000c00052b0        0x0 build/list.o

.data1
 *(.data1)
                0x00000000c00052b0                _edata = .
                [!provide]                        PROVIDE (edata, .)
                0x00000000c00052b0                . = .
                0x00000000c00052b0                __bss_start = .

.bss            0x00000000c00052c0      0x298
 *(.dynbss)
 *(.bss .bss.* .gnu.linkonce.b.*)
 .bss           0x00000000c00052c0        0x0 build/main.o
 .bss           0x00000000c00052c0        0x0 build/init.o
 .bss           0x00000000c00052c0      0x108 build/interrupt.o
 .bss           0x00000000c00053c8        0x0 build/timer.o
 .bss           0x00000000c00053c8        0x0 build/debug.o
 .bss           0x00000000c00053c8        0x0 build/memory.o
 .bss           0x00000000c00053c8        0x0 build/bitmap.o
 .bss           0x00000000c00053c8        0x0 build/string.o
 .bss           0x00000000c00053c8        0x4 build/thread.o
 .bss           0x00000000c00053cc        0x0 build/list.o
 *(COMMON)
 *fill*         0x00000000c00053cc       0x14 
 COMMON         0x00000000c00053e0      0x124 build/interrupt.o
                0x00000000c00053e0                intr_name
                0x00000000c0005480                idt_table
 COMMON         0x00000000c0005504        0x4 build/timer.o
                0x00000000c0005504                ticks
 COMMON         0x00000000c0005508       0x2c build/memory.o
                0x00000000c0005508                user_pool
                0x00000000c0005518                kernel_vaddr
                0x00000000c0005524                kernel_pool
 COMMON         0x00000000c0005534       0x24 build/thread.o
                0x00000000c0005534                thread_ready_list
                0x00000000c0005544                thread_all_list
                0x00000000c0005554                main_thread
                0x00000000c0005558                . = ALIGN ((. != 0x0)?0x4:0x1)
                0x00000000c0005558                . = ALIGN (0x4)
                0x00000000c0005558                . = SEGMENT_START ("ldata-segment", .)
                0x00000000c0005558                . = ALIGN (0x4)
                0x00000000c0005558                _end = .
                [!provide]                        PROVIDE (end, .)
                0x00000000c0005558                . = DATA_SEGMENT_END (.)

.stab
 *(.stab)

.stabstr
 *(.stabstr)

.stab.excl
 *(.stab.excl)

.stab.exclstr
 *(.stab.exclstr)

.stab.index
 *(.stab.index)

.stab.indexstr
 *(.stab.indexstr)

.comment        0x0000000000000000       0x2d
 *(.comment)
 .comment       0x0000000000000000       0x2d build/main.o
                                         0x2e (size before relaxing)
 .comment       0x000000000000002d       0x2e build/init.o
 .comment       0x000000000000002d       0x2e build/interrupt.o
 .comment       0x000000000000002d       0x2e build/timer.o
 .comment       0x000000000000002d       0x2e build/debug.o
 .comment       0x000000000000002d       0x2e build/memory.o
 .comment       0x000000000000002d       0x2e build/bitmap.o
 .comment       0x000000000000002d       0x2e build/string.o
 .comment       0x000000000000002d       0x2e build/thread.o
 .comment       0x000000000000002d       0x2e build/list.o

.debug
 *(.debug)

.line
 *(.line)

.debug_srcinfo
 *(.debug_srcinfo)

.debug_sfnames
 *(.debug_sfnames)

.debug_aranges
 *(.debug_aranges)

.debug_pubnames
 *(.debug_pubnames)

.debug_info
 *(.debug_info .gnu.linkonce.wi.*)

.debug_abbrev
 *(.debug_abbrev)

.debug_line
 *(.debug_line .debug_line.* .debug_line_end)

.debug_frame
 *(.debug_frame)

.debug_str
 *(.debug_str)

.debug_loc
 *(.debug_loc)

.debug_macinfo
 *(.debug_macinfo)

.debug_weaknames
 *(.debug_weaknames)

.debug_funcnames
 *(.debug_funcnames)

.debug_typenames
 *(.debug_typenames)

.debug_varnames
 *(.debug_varnames)

.debug_pubtypes
 *(.debug_pubtypes)

.debug_ranges
 *(.debug_ranges)

.debug_macro
 *(.debug_macro)

.gnu.attributes
 *(.gnu.attributes)

/DISCARD/
 *(.note.GNU-stack)
 *(.gnu_debuglink)
 *(.gnu.lto_*)
OUTPUT(build/kernel.bin elf32-i386)
