
Allocating common symbols
Common symbol       size              file

kbd_buf             0x6c              build/keyboard.o
thread_ready_list   0x10              build/thread.o
thread_all_list     0x10              build/thread.o
user_pool           0x2c              build/memory.o
intr_name           0xc0              build/interrupt.o
main_thread         0x4               build/thread.o
ticks               0x4               build/timer.o
kernel_vaddr        0xc               build/memory.o
idt_table           0xc0              build/interrupt.o
kernel_pool         0x2c              build/memory.o

Discarded input sections

 .note.GNU-stack
                0x0000000000000000        0x0 build/main.o
 .note.GNU-stack
                0x0000000000000000        0x0 build/init.o
 .note.GNU-stack
                0x0000000000000000        0x0 build/interrupt.o
 .note.GNU-stack
                0x0000000000000000        0x0 build/timer.o
 .note.GNU-stack
                0x0000000000000000        0x0 build/debug.o
 .note.GNU-stack
                0x0000000000000000        0x0 build/memory.o
 .note.GNU-stack
                0x0000000000000000        0x0 build/bitmap.o
 .note.GNU-stack
                0x0000000000000000        0x0 build/string.o
 .note.GNU-stack
                0x0000000000000000        0x0 build/thread.o
 .note.GNU-stack
                0x0000000000000000        0x0 build/list.o
 .note.GNU-stack
                0x0000000000000000        0x0 build/sync.o
 .note.GNU-stack
                0x0000000000000000        0x0 build/console.o
 .note.GNU-stack
                0x0000000000000000        0x0 build/keyboard.o
 .note.GNU-stack
                0x0000000000000000        0x0 build/ioqueue.o
 .note.GNU-stack
                0x0000000000000000        0x0 build/tss.o
 .note.GNU-stack
                0x0000000000000000        0x0 build/process.o

Memory Configuration

Name             Origin             Length             Attributes
*default*        0x0000000000000000 0xffffffffffffffff

Linker script and memory map

Address of section .text set to 0xc0001500
LOAD build/main.o
LOAD build/init.o
LOAD build/interrupt.o
LOAD build/timer.o
LOAD build/kernel.o
LOAD build/print.o
LOAD build/debug.o
LOAD build/memory.o
LOAD build/bitmap.o
LOAD build/string.o
LOAD build/thread.o
LOAD build/list.o
LOAD build/switch.o
LOAD build/sync.o
LOAD build/console.o
LOAD build/keyboard.o
LOAD build/ioqueue.o
LOAD build/tss.o
LOAD build/process.o
                [!provide]                        PROVIDE (__executable_start, 0x8048000)
                0x0000000008048094                . = (0x8048000 + SIZEOF_HEADERS)

.interp
 *(.interp)

.note.gnu.build-id
 *(.note.gnu.build-id)

.hash
 *(.hash)

.gnu.hash
 *(.gnu.hash)

.dynsym
 *(.dynsym)

.dynstr
 *(.dynstr)

.gnu.version
 *(.gnu.version)

.gnu.version_d
 *(.gnu.version_d)

.gnu.version_r
 *(.gnu.version_r)

.rel.dyn        0x0000000008048094        0x0
 *(.rel.init)
 *(.rel.text .rel.text.* .rel.gnu.linkonce.t.*)
 .rel.text      0x0000000008048094        0x0 build/main.o
 *(.rel.fini)
 *(.rel.rodata .rel.rodata.* .rel.gnu.linkonce.r.*)
 *(.rel.data.rel.ro .rel.data.rel.ro.* .rel.gnu.linkonce.d.rel.ro.*)
 *(.rel.data .rel.data.* .rel.gnu.linkonce.d.*)
 *(.rel.tdata .rel.tdata.* .rel.gnu.linkonce.td.*)
 *(.rel.tbss .rel.tbss.* .rel.gnu.linkonce.tb.*)
 *(.rel.ctors)
 *(.rel.dtors)
 *(.rel.got)
 *(.rel.bss .rel.bss.* .rel.gnu.linkonce.b.*)
 *(.rel.ifunc)

.rel.plt        0x0000000008048094        0x0
 *(.rel.plt)
                [!provide]                        PROVIDE (__rel_iplt_start, .)
 *(.rel.iplt)
 .rel.iplt      0x0000000008048094        0x0 build/main.o
                [!provide]                        PROVIDE (__rel_iplt_end, .)

.init
 *(SORT(.init))

.plt            0x00000000080480a0        0x0
 *(.plt)
 *(.iplt)
 .iplt          0x00000000080480a0        0x0 build/main.o

.plt.got
 *(.plt.got)

.text           0x00000000c0001500     0x3270
 *(.text.unlikely .text.*_unlikely .text.unlikely.*)
 *(.text.exit .text.exit.*)
 *(.text.startup .text.startup.*)
 *(.text.hot .text.hot.*)
 *(.text .stub .text.* .gnu.linkonce.t.*)
 .text          0x00000000c0001500      0x10b build/main.o
                0x00000000c0001500                main
                0x00000000c0001589                k_thread_a
                0x00000000c00015b8                k_thread_b
                0x00000000c00015e7                u_prog_a
                0x00000000c00015f9                u_prog_b
 .text          0x00000000c000160b       0x3c build/init.o
                0x00000000c000160b                init_all
 .text          0x00000000c0001647      0x44b build/interrupt.o
                0x00000000c000196e                intr_enable
                0x00000000c0001997                intr_disable
                0x00000000c00019c0                intr_set_status
                0x00000000c00019de                intr_get_status
                0x00000000c0001a0a                register_handler
                0x00000000c0001a27                idt_init
 .text          0x00000000c0001a92      0x16c build/timer.o
                0x00000000c0001bab                timer_init
 *fill*         0x00000000c0001bfe        0x2 
 .text          0x00000000c0001c00      0x537 build/kernel.o
                0x00000000c0001c00                intr_exit
 *fill*         0x00000000c0002137        0x9 
 .text          0x00000000c0002140      0x170 build/print.o
                0x00000000c0002140                put_str
                0x00000000c000215c                put_char
                0x00000000c0002229                put_int
                0x00000000c000228c                set_cursor
 .text          0x00000000c00022b0       0xd6 build/debug.o
                0x00000000c00022b0                panic_spin
 .text          0x00000000c0002386      0x7e6 build/memory.o
                0x00000000c000269b                pde_ptr
                0x00000000c00026b7                pte_ptr
                0x00000000c000282f                malloc_page
                0x00000000c00028f1                get_kernel_pages
                0x00000000c000294c                get_user_pages
                0x00000000c00029a1                get_a_page
                0x00000000c0002aff                addr_v2p
                0x00000000c0002b2b                mem_init
 .text          0x00000000c0002b6c      0x223 build/bitmap.o
                0x00000000c0002b6c                bitmap_init
                0x00000000c0002b8f                bitmap_scan_test
                0x00000000c0002bcf                bitmap_scan
                0x00000000c0002cde                bitmap_set
 .text          0x00000000c0002d8f      0x3db build/string.o
                0x00000000c0002d8f                memset
                0x00000000c0002de1                memcpy
                0x00000000c0002e41                memcmp
                0x00000000c0002ec4                strcpy
                0x00000000c0002f19                strlen
                0x00000000c0002f64                strcmp
                0x00000000c0002fe8                strchr
                0x00000000c0003040                strrchr
                0x00000000c000309e                strcat
                0x00000000c0003108                strchrs
 .text          0x00000000c000316a      0x555 build/thread.o
                0x00000000c000316a                running_thread
                0x00000000c000319b                thread_create
                0x00000000c0003212                init_thread
                0x00000000c00032a5                thread_start
                0x00000000c00033f8                schedule
                0x00000000c0003517                thread_block
                0x00000000c0003577                thread_unblock
                0x00000000c0003671                thread_init
 .text          0x00000000c00036bf      0x1f1 build/list.o
                0x00000000c00036bf                list_init
                0x00000000c00036ed                list_insert_before
                0x00000000c0003732                list_push
                0x00000000c0003750                list_append
                0x00000000c000376e                list_remove
                0x00000000c00037a8                list_pop
                0x00000000c00037ca                elem_find
                0x00000000c0003805                list_traversal
                0x00000000c0003862                list_len
                0x00000000c0003897                list_empty
 .text          0x00000000c00038b0       0x15 build/switch.o
                0x00000000c00038b0                switch_to
 .text          0x00000000c00038c5      0x313 build/sync.o
                0x00000000c00038c5                sema_init
                0x00000000c00038ef                lock_init
                0x00000000c000391f                sema_down
                0x00000000c0003a1a                sema_up
                0x00000000c0003ac9                lock_acquire
                0x00000000c0003b40                lock_release
 .text          0x00000000c0003bd8       0xb6 build/console.o
                0x00000000c0003bd8                console_init
                0x00000000c0003bf1                console_acquire
                0x00000000c0003c0a                console_release
                0x00000000c0003c23                console_put_str
                0x00000000c0003c44                console_put_char
                0x00000000c0003c6d                console_put_int
 .text          0x00000000c0003c8e      0x313 build/keyboard.o
                0x00000000c0003f56                keyboard_init
 .text          0x00000000c0003fa1      0x2ee build/ioqueue.o
                0x00000000c0003fa1                ioqueue_init
                0x00000000c0004001                ioq_full
                0x00000000c000411a                ioq_getchar
                0x00000000c00041d3                ioq_putchar
 .text          0x00000000c000428f      0x18c build/tss.o
                0x00000000c000428f                update_tss_esp
                0x00000000c0004311                tss_init
 .text          0x00000000c000441b      0x355 build/process.o
                0x00000000c000441b                start_process
                0x00000000c0004520                page_dir_activate
                0x00000000c0004555                process_activate
                0x00000000c00045a3                create_page_dir
                0x00000000c000461b                create_user_vaddr_bitmap
                0x00000000c0004667                process_execute
 *(.gnu.warning)

.fini
 *(SORT(.fini))
                [!provide]                        PROVIDE (__etext, .)
                [!provide]                        PROVIDE (_etext, .)
                [!provide]                        PROVIDE (etext, .)

.rodata         0x00000000c0004770      0xca4
 *(.rodata .rodata.* .gnu.linkonce.r.*)
 .rodata        0x00000000c0004770       0x57 build/main.o
 .rodata        0x00000000c00047c7        0xd build/init.o
 .rodata        0x00000000c00047d4      0x2c9 build/interrupt.o
 *fill*         0x00000000c0004a9d        0x3 
 .rodata        0x00000000c0004aa0       0x6b build/timer.o
 .rodata        0x00000000c0004b0b       0x45 build/debug.o
 .rodata        0x00000000c0004b50      0x1d7 build/memory.o
 *fill*         0x00000000c0004d27        0x1 
 .rodata        0x00000000c0004d28       0x3f build/bitmap.o
 *fill*         0x00000000c0004d67        0x1 
 .rodata        0x00000000c0004d68       0xc4 build/string.o
 .rodata        0x00000000c0004e2c      0x2cb build/thread.o
 *fill*         0x00000000c00050f7        0x1 
 .rodata        0x00000000c00050f8      0x135 build/sync.o
 .rodata        0x00000000c000522d       0x36 build/keyboard.o
 *fill*         0x00000000c0005263        0x1 
 .rodata        0x00000000c0005264       0xa8 build/ioqueue.o
 .rodata        0x00000000c000530c       0x27 build/tss.o
 *fill*         0x00000000c0005333        0x1 
 .rodata        0x00000000c0005334       0xe0 build/process.o

.rodata1
 *(.rodata1)

.eh_frame_hdr
 *(.eh_frame_hdr)
 *(.eh_frame_entry .eh_frame_entry.*)

.eh_frame       0x00000000c0005414      0xcd0
 *(.eh_frame)
 .eh_frame      0x00000000c0005414       0xac build/main.o
 .eh_frame      0x00000000c00054c0       0x20 build/init.o
                                         0x38 (size before relaxing)
 .eh_frame      0x00000000c00054e0      0x188 build/interrupt.o
                                        0x1a0 (size before relaxing)
 .eh_frame      0x00000000c0005668       0x88 build/timer.o
                                         0xa0 (size before relaxing)
 .eh_frame      0x00000000c00056f0       0x1c build/debug.o
                                         0x34 (size before relaxing)
 .eh_frame      0x00000000c000570c      0x180 build/memory.o
                                        0x198 (size before relaxing)
 .eh_frame      0x00000000c000588c       0x8c build/bitmap.o
                                         0xa4 (size before relaxing)
 .eh_frame      0x00000000c0005918      0x140 build/string.o
                                        0x158 (size before relaxing)
 .eh_frame      0x00000000c0005a58      0x140 build/thread.o
                                        0x158 (size before relaxing)
 .eh_frame      0x00000000c0005b98      0x140 build/list.o
                                        0x158 (size before relaxing)
 .eh_frame      0x00000000c0005cd8       0xc8 build/sync.o
                                         0xe0 (size before relaxing)
 .eh_frame      0x00000000c0005da0       0xc0 build/console.o
                                         0xd8 (size before relaxing)
 .eh_frame      0x00000000c0005e60       0x60 build/keyboard.o
                                         0x78 (size before relaxing)
 .eh_frame      0x00000000c0005ec0      0x100 build/ioqueue.o
                                        0x118 (size before relaxing)
 .eh_frame      0x00000000c0005fc0       0x64 build/tss.o
                                         0x7c (size before relaxing)
 .eh_frame      0x00000000c0006024       0xc0 build/process.o
                                         0xd8 (size before relaxing)
 *(.eh_frame.*)

.gcc_except_table
 *(.gcc_except_table .gcc_except_table.*)

.gnu_extab
 *(.gnu_extab*)

.exception_ranges
 *(.exception_ranges .exception_ranges*)
                0x00000000c00070e4                . = DATA_SEGMENT_ALIGN (0x1000, 0x1000)

.eh_frame
 *(.eh_frame)
 *(.eh_frame.*)

.gnu_extab
 *(.gnu_extab)

.gcc_except_table
 *(.gcc_except_table .gcc_except_table.*)

.exception_ranges
 *(.exception_ranges .exception_ranges*)

.tdata
 *(.tdata .tdata.* .gnu.linkonce.td.*)

.tbss
 *(.tbss .tbss.* .gnu.linkonce.tb.*)
 *(.tcommon)

.preinit_array  0x00000000c00070e4        0x0
                [!provide]                        PROVIDE (__preinit_array_start, .)
 *(.preinit_array)
                [!provide]                        PROVIDE (__preinit_array_end, .)

.init_array     0x00000000c00070e4        0x0
                [!provide]                        PROVIDE (__init_array_start, .)
 *(SORT(.init_array.*) SORT(.ctors.*))
 *(.init_array EXCLUDE_FILE(*crtend?.o *crtend.o *crtbegin?.o *crtbegin.o) .ctors)
                [!provide]                        PROVIDE (__init_array_end, .)

.fini_array     0x00000000c00070e4        0x0
                [!provide]                        PROVIDE (__fini_array_start, .)
 *(SORT(.fini_array.*) SORT(.dtors.*))
 *(.fini_array EXCLUDE_FILE(*crtend?.o *crtend.o *crtbegin?.o *crtbegin.o) .dtors)
                [!provide]                        PROVIDE (__fini_array_end, .)

.ctors
 *crtbegin.o(.ctors)
 *crtbegin?.o(.ctors)
 *(EXCLUDE_FILE(*crtend?.o *crtend.o) .ctors)
 *(SORT(.ctors.*))
 *(.ctors)

.dtors
 *crtbegin.o(.dtors)
 *crtbegin?.o(.dtors)
 *(EXCLUDE_FILE(*crtend?.o *crtend.o) .dtors)
 *(SORT(.dtors.*))
 *(.dtors)

.jcr
 *(.jcr)

.data.rel.ro
 *(.data.rel.ro.local* .gnu.linkonce.d.rel.ro.local.*)
 *(.data.rel.ro .data.rel.ro.* .gnu.linkonce.d.rel.ro.*)

.dynamic
 *(.dynamic)

.got
 *(.got)
 *(.igot)
                0x00000000c00070e4                . = DATA_SEGMENT_RELRO_END (., (SIZEOF (.got.plt) >= 0xc)?0xc:0x0)

.got.plt        0x00000000c00070e4        0x0
 *(.got.plt)
 *(.igot.plt)
 .igot.plt      0x00000000c00070e4        0x0 build/main.o

.data           0x00000000c0007100      0x156
 *(.data .data.* .gnu.linkonce.d.*)
 .data          0x00000000c0007100        0x0 build/main.o
 .data          0x00000000c0007100        0x0 build/init.o
 .data          0x00000000c0007100        0x0 build/interrupt.o
 .data          0x00000000c0007100        0x0 build/timer.o
 .data          0x00000000c0007100       0xd2 build/kernel.o
                0x00000000c0007112                intr_entry_table
 *fill*         0x00000000c00071d2        0x2 
 .data          0x00000000c00071d4        0x8 build/print.o
 .data          0x00000000c00071dc        0x0 build/debug.o
 .data          0x00000000c00071dc        0x0 build/memory.o
 .data          0x00000000c00071dc        0x0 build/bitmap.o
 .data          0x00000000c00071dc        0x0 build/string.o
 .data          0x00000000c00071dc        0x0 build/thread.o
 .data          0x00000000c00071dc        0x0 build/list.o
 .data          0x00000000c00071dc        0x0 build/sync.o
 .data          0x00000000c00071dc        0x0 build/console.o
 *fill*         0x00000000c00071dc        0x4 
 .data          0x00000000c00071e0       0x76 build/keyboard.o
 .data          0x00000000c0007256        0x0 build/ioqueue.o
 .data          0x00000000c0007256        0x0 build/tss.o
 .data          0x00000000c0007256        0x0 build/process.o

.data1
 *(.data1)
                0x00000000c0007256                _edata = .
                [!provide]                        PROVIDE (edata, .)
                0x00000000c0007256                . = .
                0x00000000c0007256                __bss_start = .

.bss            0x00000000c0007260      0x50c
 *(.dynbss)
 *(.bss .bss.* .gnu.linkonce.b.*)
 .bss           0x00000000c0007260        0x8 build/main.o
                0x00000000c0007260                test_var_a
                0x00000000c0007264                test_var_b
 .bss           0x00000000c0007268        0x0 build/init.o
 *fill*         0x00000000c0007268       0x18 
 .bss           0x00000000c0007280      0x180 build/interrupt.o
 .bss           0x00000000c0007400        0x0 build/timer.o
 .bss           0x00000000c0007400        0x0 build/debug.o
 .bss           0x00000000c0007400        0x0 build/memory.o
 .bss           0x00000000c0007400        0x0 build/bitmap.o
 .bss           0x00000000c0007400        0x0 build/string.o
 .bss           0x00000000c0007400        0x4 build/thread.o
 .bss           0x00000000c0007404        0x0 build/list.o
 .bss           0x00000000c0007404        0x0 build/sync.o
 .bss           0x00000000c0007404       0x1c build/console.o
 .bss           0x00000000c0007420       0x14 build/keyboard.o
 .bss           0x00000000c0007434        0x0 build/ioqueue.o
 *fill*         0x00000000c0007434        0xc 
 .bss           0x00000000c0007440       0x6c build/tss.o
 .bss           0x00000000c00074ac        0x0 build/process.o
 *(COMMON)
 *fill*         0x00000000c00074ac       0x14 
 COMMON         0x00000000c00074c0      0x180 build/interrupt.o
                0x00000000c00074c0                intr_name
                0x00000000c0007580                idt_table
 COMMON         0x00000000c0007640        0x4 build/timer.o
                0x00000000c0007640                ticks
 *fill*         0x00000000c0007644       0x1c 
 COMMON         0x00000000c0007660       0x6c build/memory.o
                0x00000000c0007660                user_pool
                0x00000000c000768c                kernel_vaddr
                0x00000000c00076a0                kernel_pool
 COMMON         0x00000000c00076cc       0x24 build/thread.o
                0x00000000c00076cc                thread_ready_list
                0x00000000c00076dc                thread_all_list
                0x00000000c00076ec                main_thread
 *fill*         0x00000000c00076f0       0x10 
 COMMON         0x00000000c0007700       0x6c build/keyboard.o
                0x00000000c0007700                kbd_buf
                0x00000000c000776c                . = ALIGN ((. != 0x0)?0x4:0x1)
                0x00000000c000776c                . = ALIGN (0x4)
                0x00000000c000776c                . = SEGMENT_START ("ldata-segment", .)
                0x00000000c000776c                . = ALIGN (0x4)
                0x00000000c000776c                _end = .
                [!provide]                        PROVIDE (end, .)
                0x00000000c000776c                . = DATA_SEGMENT_END (.)

.stab
 *(.stab)

.stabstr
 *(.stabstr)

.stab.excl
 *(.stab.excl)

.stab.exclstr
 *(.stab.exclstr)

.stab.index
 *(.stab.index)

.stab.indexstr
 *(.stab.indexstr)

.comment        0x0000000000000000       0x2d
 *(.comment)
 .comment       0x0000000000000000       0x2d build/main.o
                                         0x2e (size before relaxing)
 .comment       0x000000000000002d       0x2e build/init.o
 .comment       0x000000000000002d       0x2e build/interrupt.o
 .comment       0x000000000000002d       0x2e build/timer.o
 .comment       0x000000000000002d       0x2e build/debug.o
 .comment       0x000000000000002d       0x2e build/memory.o
 .comment       0x000000000000002d       0x2e build/bitmap.o
 .comment       0x000000000000002d       0x2e build/string.o
 .comment       0x000000000000002d       0x2e build/thread.o
 .comment       0x000000000000002d       0x2e build/list.o
 .comment       0x000000000000002d       0x2e build/sync.o
 .comment       0x000000000000002d       0x2e build/console.o
 .comment       0x000000000000002d       0x2e build/keyboard.o
 .comment       0x000000000000002d       0x2e build/ioqueue.o
 .comment       0x000000000000002d       0x2e build/tss.o
 .comment       0x000000000000002d       0x2e build/process.o

.debug
 *(.debug)

.line
 *(.line)

.debug_srcinfo
 *(.debug_srcinfo)

.debug_sfnames
 *(.debug_sfnames)

.debug_aranges
 *(.debug_aranges)

.debug_pubnames
 *(.debug_pubnames)

.debug_info
 *(.debug_info .gnu.linkonce.wi.*)

.debug_abbrev
 *(.debug_abbrev)

.debug_line
 *(.debug_line .debug_line.* .debug_line_end)

.debug_frame
 *(.debug_frame)

.debug_str
 *(.debug_str)

.debug_loc
 *(.debug_loc)

.debug_macinfo
 *(.debug_macinfo)

.debug_weaknames
 *(.debug_weaknames)

.debug_funcnames
 *(.debug_funcnames)

.debug_typenames
 *(.debug_typenames)

.debug_varnames
 *(.debug_varnames)

.debug_pubtypes
 *(.debug_pubtypes)

.debug_ranges
 *(.debug_ranges)

.debug_macro
 *(.debug_macro)

.gnu.attributes
 *(.gnu.attributes)

/DISCARD/
 *(.note.GNU-stack)
 *(.gnu_debuglink)
 *(.gnu.lto_*)
OUTPUT(build/kernel.bin elf32-i386)
